--- 
:request_token: ItQuV1n8Q4QJ2YUBmUpDVekazdFedCC9Y2CEuEPFU
:request_secret: HgP8xHs0CVM0c6xkYgXKZAZR6GQb1k2cWsEgNkszhI
